// Jest Snapshot v1, https://goo.gl/fbAQLP

exports[`CLI generates expected output 1`] = `
"{
  \\"outputFile\\": \\"/assets/test-app.js\\",
  \\"files\\": [
    {
      \\"relativePath\\": \\"test-app/app.js\\",
      \\"sizes\\": {
        \\"raw\\": 624,
        \\"uglified\\": 375,
        \\"compressed\\": 119.82860520094562
      }
    },
    {
      \\"relativePath\\": \\"test-app/initializers/app-version.js\\",
      \\"sizes\\": {
        \\"raw\\": 524,
        \\"uglified\\": 311,
        \\"compressed\\": 99.37785657998424
      }
    },
    {
      \\"relativePath\\": \\"test-app/initializers/container-debug-adapter.js\\",
      \\"sizes\\": {
        \\"raw\\": 606,
        \\"uglified\\": 428,
        \\"compressed\\": 136.76438140267928
      }
    },
    {
      \\"relativePath\\": \\"test-app/initializers/export-application-global.js\\",
      \\"sizes\\": {
        \\"raw\\": 1426,
        \\"uglified\\": 684,
        \\"compressed\\": 218.56737588652481
      }
    },
    {
      \\"relativePath\\": \\"test-app/resolver.js\\",
      \\"sizes\\": {
        \\"raw\\": 238,
        \\"uglified\\": 154,
        \\"compressed\\": 49.20961386918834
      }
    },
    {
      \\"relativePath\\": \\"test-app/router.js\\",
      \\"sizes\\": {
        \\"raw\\": 442,
        \\"uglified\\": 264,
        \\"compressed\\": 84.35933806146572
      }
    },
    {
      \\"relativePath\\": \\"test-app/templates/application.js\\",
      \\"sizes\\": {
        \\"raw\\": 406,
        \\"uglified\\": 322,
        \\"compressed\\": 102.89282899921197
      }
    }
  ]
}"
`;

exports[`CLI generates expected output 2`] = `
"{
  \\"outputFile\\": \\"/assets/vendor.css\\",
  \\"files\\": []
}"
`;

exports[`CLI generates expected output 3`] = `
"{
  \\"outputFile\\": \\"/assets/test-support.css\\",
  \\"files\\": [
    {
      \\"relativePath\\": \\"vendor/qunit/qunit.css\\",
      \\"sizes\\": {
        \\"raw\\": 8311,
        \\"compressed\\": 2146.4629921259843
      }
    },
    {
      \\"relativePath\\": \\"vendor/ember-qunit/test-container-styles.css\\",
      \\"sizes\\": {
        \\"raw\\": 578,
        \\"compressed\\": 149.2787401574803
      }
    }
  ]
}"
`;
