// Jest Snapshot v1, https://goo.gl/fbAQLP

exports[`summarize summarize calculates sizes 1`] = `
"{
  \\"outputFile\\": \\"/assets/test-app.js\\",
  \\"files\\": [
    {
      \\"relativePath\\": \\"test-app/app.js\\",
      \\"sizes\\": {
        \\"raw\\": 606,
        \\"uglified\\": 377,
        \\"compressed\\": 120.451057165231
      }
    },
    {
      \\"relativePath\\": \\"test-app/initializers/app-version.js\\",
      \\"sizes\\": {
        \\"raw\\": 510,
        \\"uglified\\": 313,
        \\"compressed\\": 100.00313234142521
      }
    },
    {
      \\"relativePath\\": \\"test-app/initializers/container-debug-adapter.js\\",
      \\"sizes\\": {
        \\"raw\\": 590,
        \\"uglified\\": 430,
        \\"compressed\\": 137.38449490994518
      }
    },
    {
      \\"relativePath\\": \\"test-app/initializers/export-application-global.js\\",
      \\"sizes\\": {
        \\"raw\\": 1377,
        \\"uglified\\": 686,
        \\"compressed\\": 219.17619420516837
      }
    },
    {
      \\"relativePath\\": \\"test-app/resolver.js\\",
      \\"sizes\\": {
        \\"raw\\": 231,
        \\"uglified\\": 156,
        \\"compressed\\": 49.841816758026624
      }
    },
    {
      \\"relativePath\\": \\"test-app/router.js\\",
      \\"sizes\\": {
        \\"raw\\": 425,
        \\"uglified\\": 268,
        \\"compressed\\": 85.62568519968676
      }
    },
    {
      \\"relativePath\\": \\"test-app/templates/application.js\\",
      \\"sizes\\": {
        \\"raw\\": 399,
        \\"uglified\\": 324,
        \\"compressed\\": 103.51761942051684
      }
    }
  ]
}"
`;

exports[`summarize summarize-all calculates sizes of all files 1`] = `
"{
  \\"outputFile\\": \\"/assets/test-app.js\\",
  \\"files\\": [
    {
      \\"relativePath\\": \\"test-app/app.js\\",
      \\"sizes\\": {
        \\"raw\\": 606,
        \\"uglified\\": 377,
        \\"compressed\\": 120.451057165231
      }
    },
    {
      \\"relativePath\\": \\"test-app/initializers/app-version.js\\",
      \\"sizes\\": {
        \\"raw\\": 510,
        \\"uglified\\": 313,
        \\"compressed\\": 100.00313234142521
      }
    },
    {
      \\"relativePath\\": \\"test-app/initializers/container-debug-adapter.js\\",
      \\"sizes\\": {
        \\"raw\\": 590,
        \\"uglified\\": 430,
        \\"compressed\\": 137.38449490994518
      }
    },
    {
      \\"relativePath\\": \\"test-app/initializers/export-application-global.js\\",
      \\"sizes\\": {
        \\"raw\\": 1377,
        \\"uglified\\": 686,
        \\"compressed\\": 219.17619420516837
      }
    },
    {
      \\"relativePath\\": \\"test-app/resolver.js\\",
      \\"sizes\\": {
        \\"raw\\": 231,
        \\"uglified\\": 156,
        \\"compressed\\": 49.841816758026624
      }
    },
    {
      \\"relativePath\\": \\"test-app/router.js\\",
      \\"sizes\\": {
        \\"raw\\": 425,
        \\"uglified\\": 268,
        \\"compressed\\": 85.62568519968676
      }
    },
    {
      \\"relativePath\\": \\"test-app/templates/application.js\\",
      \\"sizes\\": {
        \\"raw\\": 399,
        \\"uglified\\": 324,
        \\"compressed\\": 103.51761942051684
      }
    }
  ]
}"
`;

exports[`summarize summarize-all calculates sizes of all files 2`] = `
"{
  \\"outputFile\\": \\"/assets/vendor.css\\",
  \\"files\\": []
}"
`;

exports[`summarize summarize-all calculates sizes of all files 3`] = `
"{
  \\"outputFile\\": \\"/assets/test-support.css\\",
  \\"files\\": [
    {
      \\"relativePath\\": \\"vendor/qunit/qunit.css\\",
      \\"sizes\\": {
        \\"raw\\": 7875,
        \\"compressed\\": 2123.0700712589073
      }
    },
    {
      \\"relativePath\\": \\"vendor/ember-qunit/test-container-styles.css\\",
      \\"sizes\\": {
        \\"raw\\": 544,
        \\"compressed\\": 146.6603325415677
      }
    }
  ]
}"
`;

exports[`summarize summarize-all can ignore files 1`] = `
"{
  \\"outputFile\\": \\"/assets/test-app.js\\",
  \\"files\\": [
    {
      \\"relativePath\\": \\"test-app/app.js\\",
      \\"sizes\\": {
        \\"raw\\": 606,
        \\"uglified\\": 377,
        \\"compressed\\": 120.451057165231
      }
    },
    {
      \\"relativePath\\": \\"test-app/initializers/app-version.js\\",
      \\"sizes\\": {
        \\"raw\\": 510,
        \\"uglified\\": 313,
        \\"compressed\\": 100.00313234142521
      }
    },
    {
      \\"relativePath\\": \\"test-app/initializers/container-debug-adapter.js\\",
      \\"sizes\\": {
        \\"raw\\": 590,
        \\"uglified\\": 430,
        \\"compressed\\": 137.38449490994518
      }
    },
    {
      \\"relativePath\\": \\"test-app/initializers/export-application-global.js\\",
      \\"sizes\\": {
        \\"raw\\": 1377,
        \\"uglified\\": 686,
        \\"compressed\\": 219.17619420516837
      }
    },
    {
      \\"relativePath\\": \\"test-app/resolver.js\\",
      \\"sizes\\": {
        \\"raw\\": 231,
        \\"uglified\\": 156,
        \\"compressed\\": 49.841816758026624
      }
    },
    {
      \\"relativePath\\": \\"test-app/router.js\\",
      \\"sizes\\": {
        \\"raw\\": 425,
        \\"uglified\\": 268,
        \\"compressed\\": 85.62568519968676
      }
    },
    {
      \\"relativePath\\": \\"test-app/templates/application.js\\",
      \\"sizes\\": {
        \\"raw\\": 399,
        \\"uglified\\": 324,
        \\"compressed\\": 103.51761942051684
      }
    }
  ]
}"
`;

exports[`summarize summarize-all can ignore files 2`] = `
"{
  \\"outputFile\\": \\"/assets/vendor.css\\",
  \\"files\\": []
}"
`;
